
> likkle-legends-mail-club@0.1.0 build
> next build

   Γû▓ Next.js 14.1.0
   - Environments: .env.local

   Creating an optimized production build ...
node.exe : Failed to compile.
At C:\Program 
Files\nodejs\npm.ps1:29 
char:3
+   & $NODE_EXE $NPM_CLI_JS 
$args
+   
~~~~~~~~~~~~~~~~~~~~~~~~~~~~~
    + CategoryInfo           
   : NotSpecified: (Failed   
  to compile.:String) [],    
 RemoteException
    + FullyQualifiedErrorId  
   : NativeCommandError
 

./app/admin/assets/page.tsx
Error: 
  [31mx[0m Unexpected 
token `AdminLayout`. 
Expected jsx identifier
     ,-[[36;1;4mC:\Users\RAY
\OneDrive\Documents\GitHub\li
kkle-legends\app\admin\assets
\page.tsx[0m:167:1]
 [2m167[0m |     );
 [2m168[0m | 
 [2m169[0m |     return (
 [2m170[0m |         
<AdminLayout 
activeSection="media">
     : [31;1m         
^^^^^^^^^^^[0m
 [2m171[0m |             
<header className="bg-white 
border-b border-gray-100 
px-8 py-6">
 [2m172[0m |               
  <div className="flex 
items-center 
justify-between">
 [2m172[0m |               
      <div>
     `----

Caused by:
    Syntax Error

Import trace for requested 
module:
./app/admin/assets/page.tsx

./components/CookieConsentBan
ner.tsx
Error: 
  [31mx[0m You're 
importing a component that 
needs useState. It only 
works in a Client Component 
but none of its parents are 
marked with "use client", so 
they're Server Components by 
default.
  [31m|[0m Learn more: http
s://nextjs.org/docs/getting-s
tarted/react-essentials
  [31m|[0m 
  [31m|[0m 
   ,-[[36;1;4mC:\Users\RAY\O
neDrive\Documents\GitHub\likk
le-legends\components\CookieC
onsentBanner.tsx[0m:1:1]
 [2m1[0m | import React, { 
useState, useEffect } from 
'react';
   : [31;1m                
^^^^^^^^[0m
 [2m2[0m | 
 [2m3[0m | export const 
CookieConsentBanner: 
React.FC = () => {
 [2m3[0m |     const 
[show, setShow] = 
useState(false);
   `----

  [31mx[0m You're 
importing a component that 
needs useEffect. It only 
works in a Client Component 
but none of its parents are 
marked with "use client", so 
they're Server Components by 
default.
  [31m|[0m Learn more: http
s://nextjs.org/docs/getting-s
tarted/react-essentials
  [31m|[0m 
  [31m|[0m 
   ,-[[36;1;4mC:\Users\RAY\O
neDrive\Documents\GitHub\likk
le-legends\components\CookieC
onsentBanner.tsx[0m:1:1]
 [2m1[0m | import React, { 
useState, useEffect } from 
'react';
   : [31;1m                 
         ^^^^^^^^^[0m
 [2m2[0m | 
 [2m3[0m | export const 
CookieConsentBanner: 
React.FC = () => {
 [2m3[0m |     const 
[show, setShow] = 
useState(false);
   `----

Import trace for requested 
module:
./components/CookieConsentBan
ner.tsx
./app/layout.tsx


> Build failed because of 
webpack errors
