[dotenv@17.2.3] injecting env (15) from .env.local -- tip: ≡ƒôí add observability to secrets: https://dotenvx.com/ops
[dotenv@17.2.3] injecting env (0) from .env -- tip: ΓÜÖ∩╕Å  enable debug logging with { debug: true }
Γ£à Environment variables loaded successfully
--- STARTING END-TO-END TEST ---
Objective: The Magic of Bioluminescence in Puerto Rico
Age Group: big
--------------------------------

≡ƒñû Step 1: Generating Cohesive Module...
≡ƒñû Module Manager initiating build: "The Magic of Bioluminescence in Puerto Rico" (big)
≡ƒñû Attempting generation with model: gemini-2.0-flash...
--- RAW GEMINI RESPONSE START ---
```json
{
  "island": "Puerto Rico",
  "theme": "Ecology and Natural Wonders",
  "storyFocus": "A nighttime adventure exploring Mosquito Bay, discovering the bioluminescent organisms and understanding their importance to the ecosystem.",
  "educationalGoal": "To understand the science behind bioluminescence, its ecological significance, and the importance of conservation efforts to protect these natural wonders."
}
```
--- RAW GEMINI RESPONSE END ---
≡ƒôï Plan approved: Puerto Rico - Ecology and Natural Wonders
≡ƒÜÇ Dispatching sub-agents...
≡ƒôû Generating world-class story: Jamaica - Ecology and Natural Wonders (big) hosted by R.O.T.I.
≡ƒñû Attempting generation with model: gemini-2.0-flash...
≡ƒñû Attempting generation with model: gemini-2.0-flash...
≡ƒÄÑ Generating video script for Puerto Rico about "Ecology and Natural Wonders" (big)...
≡ƒñû Attempting generation with model: gemini-2.0-flash...
≡ƒÄ¿ Generating worksheet for Puerto Rico about "Ecology and Natural Wonders" (big)...
≡ƒñû Attempting generation with model: gemini-2.0-flash...
--- RAW GEMINI RESPONSE START ---
```json
{
  "title": "El Yunque's Rainforest Rhythms",
  "artist": "Likkle Legends",
  "description": "A bomba-inspired song about the El Yunque rainforest in Puerto Rico and the importance of protecting its unique ecosystem.",
  "lyrics": "[Verse 1]\nSun shines bright on El Yunque's trees,\nA tropical paradise, if you please!\nCoqu├¡ frogs are singing their song all day,\n[CLAP] Let's keep this magic here to stay!\n\n[Chorus]\nEl Yunque, El Yunque, rainforest so grand,\n[SNAP] Protect the water, [STOMP] protect the land!\nFrom mountain high to ocean's blue,\nEl Yunque, El Yunque, we love you!\n\n[Verse 2]\nLook at the parrots, green and so bright,\nSoaring through the air with all their might!\nThe waterfalls cascading, a beautiful sight,\nKeep El Yunque clean, with all our might!\n\n[Chorus]\nEl Yunque, El Yunque, rainforest so grand,\n[SNAP] Protect the water, [STOMP] protect the land!\nFrom mountain high to ocean's blue,\nEl Yunque, El Yunque, we love you!\n\n[Verse 3]\n\"Mira!\" (Look!) The flowers bloom, so red and gold,\nA story of nature, waiting to be told.\nThe little crabs are crawling, happy and free,\nLet's keep El Yunque healthy, for you and me!\n\n[Chorus]\nEl Yunque, El Yunque, rainforest so grand,\n[SNAP] Protect the water, [STOMP] protect the land!\nFrom mountain high to ocean's blue,\nEl Yunque, El Yunque, we love you!",
  "educationalValue": "Children will learn about the El Yunque rainforest in Puerto Rico, the unique animals and plants that live there, and the importance of protecting the environment.",
  "thumbnailPrompt": "A vibrant and colorful illustration showing children of diverse backgrounds dancing in the El Yunque rainforest in Puerto Rico. They are wearing traditional Puerto Rican clothing and playing bomba drums, g├╝iros, and maracas. The background features lush green foliage, a cascading waterfall, colorful flowers, and Puerto Rican parrots flying overhead. The overall scene is joyful, energetic, and celebrates the beauty of El Yunque and Puerto Rican culture. Include the words \"El Yunque's Rainforest Rhythms\" in a playful font.",
  "estimated_duration": 90
}
```
--- RAW GEMINI RESPONSE END ---
--- RAW GEMINI RESPONSE START ---
```json
{
  "title": "Puerto Rico's Natural Treasures!",
  "description": "Let's explore the amazing natural wonders of Puerto Rico! This worksheet helps children learn about El Yunque rainforest, bioluminescent bays, and the coqu├¡ frog.",
  "type": "worksheet",
  "targetAge": "big",
  "islandTheme": "Puerto Rico",
  "educationalGoal": "To identify and learn about key ecological features and natural wonders of Puerto Rico: El Yunque, Bioluminescent Bays, Coqu├¡.",
  "content": {
    "instructions": "┬íHola, explorador! Follow the instructions and discover Puerto Rico's awesome nature!",
    "sections": [
      {
        "title": "El Yunque Adventure!",
        "type": "drawing_area",
        "content": "Draw your favorite plant or animal you might find in El Yunque rainforest! Remember the lush green trees and colorful birds!",
        "items": []
      },
      {
        "title": "Bioluminescent Bay Matching",
        "type": "matching",
        "content": "Match the picture of the bioluminescent bay with its description. Dinoflagellates are tiny organisms that make the water glow!",
        "items": [
          {
            "label": "Picture of Bioluminescent Bay"
          },
          {
            "label": "\"Glow-in-the-dark\" water caused by tiny living things."
          }
        ]
      },
      {
        "title": "Coqu├¡ Call Tracing",
        "type": "tracing",
        "content": "Trace the word \"Coqu├¡\" and learn about this tiny frog with a big voice! They're a symbol of Puerto Rico.",
        "items": [
          {
            "label": "Coqu├¡"
          },
          {
            "label": "Coqu├¡"
          },
          {
            "label": "Coqu├¡"
          }
        ]
      },
      {
        "title": "Find the Coqu├¡!",
        "type": "maze",
        "content": "Help the Coqu├¡ find its way back to its leafy home in El Yunque! Start at the entrance of the maze, and follow the path to the leaf.",
        "items": []
      }
    ]
  },
  "imagePrompt": "Create a black and white line art worksheet. The top section features a large empty frame for drawing, labeled 'El Yunque Adventure!'.\n\nThe middle section contains two boxes next to each other for matching. One box contains a simple line art illustration of a bioluminescent bay at night (glowing water). The other box is empty, for the child to draw a line to match with the text description provided separately.\n\nThe next section has the word 'Coqu├¡' written three times in dotted lines for tracing. A small illustration of a Coqu├¡ frog should be placed nearby.\n\nThe final section is a simple maze. The entrance is labeled 'Start' and features a small Coqu├¡ frog character. The exit is a large leaf labeled 'Home'. The maze should be easy to solve for a 6-8 year old. The overall style should be playful and inviting, with a clear Caribbean/Puerto Rican theme (e.g., tropical leaves in the background, stylized fonts)."
}
```
--- RAW GEMINI RESPONSE END ---
--- RAW GEMINI RESPONSE START ---
```json
{
  "title": "Puerto Rico's Rainforest Rhapsody!",
  "description": "Join Tanty Spice and friends as they explore the El Yunque Rainforest and learn about ecology and the natural wonders of Puerto Rico!",
  "targetAge": "6-8",
  "topic": "Ecology and Natural Wonders",
  "islandTheme": "Puerto Rico",
  "characters": [
    "Tanty Spice",
    "Captain Calypso",
    "Miss Melody",
    "Coqu├¡ the Frog (puppet)"
  ],
  "learningObjectives": [
    "Identify the El Yunque Rainforest as a unique ecosystem.",
    "Understand basic ecological concepts like interdependence and biodiversity.",
    "Recognize some of the unique flora and fauna of Puerto Rico."
  ],
  "totalDurationSeconds": 300,
  "scenes": [
    {
      "number": 1,
      "setting": "A brightly colored Caribbean village square. Tanty Spice's fruit stall is prominent.",
      "actionDescription": "Miss Melody arrives, greeting Tanty Spice. Captain Calypso strolls in, humming.",
      "visualCues": "Upbeat Caribbean music playing. Show colorful buildings and lush greenery in the background. Text overlay: 'Puerto Rico!'",
      "durationSeconds": 60,
      "dialogue": [
        {
          "speaker": "Miss Melody",
          "text": "Good morning, Tanty Spice! Ah feelin' bright and ready for a likkle adventure!",
          "emotion": "Happy",
          "action": "Waves cheerfully"
        },
        {
          "speaker": "Tanty Spice",
          "text": "Morning, Miss Melody! You always bringin' sunshine. And look who else deh! Captain Calypso, you look like you jus' come back from the sea!",
          "emotion": "Warm",
          "action": "Wipes down a mango"
        },
        {
          "speaker": "Captain Calypso",
          "text": "Tanty Spice, Miss Melody! De sea was good to me today! But I hear say, Miss Melody, you teachin' the children 'bout ecology today?",
          "emotion": "Curious",
          "action": "Scratches his head"
        },
        {
          "speaker": "Miss Melody",
          "text": "Indeed! We're exploring the wonders of El Yunque Rainforest! Who knows what that is?",
          "emotion": "Enthusiastic",
          "action": "Looks around expectantly"
        }
      ]
    },
    {
      "number": 2,
      "setting": "Transition to a vibrant animation of El Yunque Rainforest. Waterfalls, lush trees, and colorful birds are visible.",
      "actionDescription": "Miss Melody explains what a rainforest is, highlighting El Yunque's unique features.",
      "visualCues": "Zoom in on different plants and animals. Pop-up text: 'EL YUNQUE', 'RAINFOREST', 'BIODIVERSITY'. Show a map of Puerto Rico with El Yunque highlighted.",
      "durationSeconds": 75,
      "dialogue": [
        {
          "speaker": "Miss Melody",
          "text": "El Yunque is a very special place! It's a rainforest, which means it's a forest that gets lots and lots of rain! It's the only tropical rainforest in the US National Forest System, you know. It's teeming with life!",
          "emotion": "Excited",
          "action": "Gestures widely"
        },
        {
          "speaker": "Miss Melody",
          "text": "See all these plants and animals? That's what we call biodiversity! It means there are many different kinds of living things all in one place! From tiny insects to tall trees, they all depend on each other. That's ecology!",
          "emotion": "Informative",
          "action": "Points to different animated elements"
        },
        {
          "speaker": "Tanty Spice (voiceover)",
          "text": "Like how the coqui frog eats the insects, and the birds eat the coqui! Everything connected, like a big family!",
          "emotion": "Wise",
          "action": "None (voiceover)"
        }
      ]
    },
    {
      "number": 3,
      "setting": "Back in the village square. Tanty Spice is holding a puppet of a Coqu├¡ frog.",
      "actionDescription": "Tanty Spice introduces Coqu├¡, who sings a short song about his life in El Yunque.",
      "visualCues": "Close-up on the Coqu├¡ puppet. Show animation of the Coqu├¡ singing in the rainforest during the song.",
      "durationSeconds": 60,
      "dialogue": [
        {
          "speaker": "Tanty Spice",
          "text": "Speaking of coqui! Meet Coqu├¡! He lives in El Yunque and has a very important job.",
          "emotion": "Friendly",
          "action": "Presents the puppet"
        },
        {
          "speaker": "Coqu├¡ the Frog",
          "text": "(Sings) Co-qu├¡! Co-qu├¡! I sing all night long,\nEating mosquitoes, where I belong!\nIn El Yunque I jump and I play,\nKeeping the forest healthy each day!",
          "emotion": "Happy",
          "action": "Jumps and wiggles"
        },
        {
          "speaker": "Captain Calypso",
          "text": "Eh, Coqu├¡! You have a powerful voice for such a small ting! But what happen if all de trees in El Yunque gone?",
          "emotion": "Concerned",
          "action": "Frowns slightly"
        }
      ]
    },
    {
      "number": 4,
      "setting": "Back to the animated rainforest, now showing deforestation.",
      "actionDescription": "Miss Melody explains the importance of protecting the rainforest and its inhabitants.",
      "visualCues": "Show trees being cut down, animals fleeing. Use a sadder color palette. Then, transition back to a healthy rainforest.",
      "durationSeconds": 45,
      "dialogue": [
        {
          "speaker": "Miss Melody",
          "text": "That's a serious question, Captain! If we don't protect El Yunque, the animals will lose their homes, the water will become polluted, and the whole island will suffer. We have to be good stewards of the land, meaning we take care of it for future generations.",
          "emotion": "Serious",
          "action": "Shakes her head"
        },
        {
          "speaker": "Miss Melody",
          "text": "We can all help by recycling, reducing waste, and learning more about the plants and animals of Puerto Rico! Remember, everything is connected!",
          "emotion": "Hopeful",
          "action": "Smiles encouragingly"
        }
      ]
    },
    {
      "number": 5,
      "setting": "Back in the village square.",
      "actionDescription": "Tanty Spice summarizes the lesson and encourages viewers to explore the natural world around them.",
      "visualCues": "All three characters are smiling and waving. Upbeat music fades in.",
      "durationSeconds": 40,
      "dialogue": [
        {
          "speaker": "Tanty Spice",
          "text": "So remember, children, El Yunque is a treasure! Protect it, cherish it, and learn from it! Go outside and explore the natural wonders in your own backyard! You might be surprised what you find!",
          "emotion": "Wise",
          "action": "Nods slowly"
        },
        {
          "speaker": "Captain Calypso",
          "text": "Aye! And remember to respect the sea too! Everything connected, from de mountains to de ocean!",
          "emotion": "Friendly",
          "action": "Winks"
        },
        {
          "speaker": "Miss Melody",
          "text": "Until next time, Likkle Legends! Keep learning and keep exploring! Adi├│s!",
          "emotion": "Happy",
          "action": "Waves goodbye"
        }
      ]
    }
  ],
  "thumbnailPrompt": "A vibrant and colorful cartoon image featuring Tanty Spice, Miss Melody, and Captain Calypso standing in front of El Yunque Rainforest in Puerto Rico. Coqu├¡ the frog is perched on Tanty Spice's shoulder. The title 'Puerto Rico's Rainforest Rhapsody!' is displayed prominently. The overall tone is cheerful and inviting."
}
```
--- RAW GEMINI RESPONSE END ---
--- RAW GEMINI RESPONSE START ---
```json
{
  "title": "The Doctor Bird's Blue Mountain Rescue",
  "summary": "A young boy named Kai and a Doctor Bird named Zip work together to save the Blue Mountains from a mysterious **illness** affecting the trees.",
  "moral": "Protecting our natural environment requires teamwork and understanding the delicate balance of **ecology**.",
  "pages": [
    {
      "text": "Kai lived in a small **village** nestled at the foot of the Blue Mountains. He loved exploring the lush **forest**, listening to the **sounds** of the birds, and watching the **mist** roll over the peaks. His best friend was Zip, a tiny Doctor Bird with iridescent feathers and a long, slender beak.",
      "imagePrompt": "Masterpiece illustration prompt: Professional award-winning children's book illustration style, Pixar-meets-watercolor, vibrant Caribbean lighting, highly detailed characters with expressive faces. Kai, a young Jamaican boy with bright eyes, sitting at the foot of the Blue Mountains. Zip, a Doctor Bird, is perched on his shoulder. The mountains are lush and green in the background.",
      "patoisWords": []
    },
    {
      "text": "One morning, Kai noticed something was wrong. The leaves on the trees were turning **brown**, and the air felt heavy and still. Even the **river** seemed to flow slower. \"Zip, **look**! Something is wrong with the **mountains**!\" Kai exclaimed, his voice filled with **worry**.",
      "imagePrompt": "Masterpiece illustration prompt: Professional award-winning children's book illustration style, Pixar-meets-watercolor, vibrant Caribbean lighting, highly detailed characters with expressive faces. Kai pointing at trees with browning leaves on the Blue Mountains. Zip looks concerned.",
      "patoisWords": []
    },
    {
      "text": "Zip, being a **Doctor Bird**, knew the mountains intimately. He flew higher and higher, surveying the **damage**. \"Kai, it's a **sickness** in the trees! I can see it spreading. We need to find the source before it's too late!\" Zip chirped, his voice filled with urgency.",
      "imagePrompt": "Masterpiece illustration prompt: Professional award-winning children's book illustration style, Pixar-meets-watercolor, vibrant Caribbean lighting, highly detailed characters with expressive faces. Zip flying high above the Blue Mountains, looking down at the diseased trees. Kai is looking up at Zip from below.",
      "patoisWords": []
    },
    {
      "text": "Step 1: Kai and Zip decided to follow the **river** upstream, hoping it would lead them to the source of the **sickness**. The journey was difficult. The **path** was rocky and overgrown, and the air grew thicker with each step. \"We have to **small up** ourselves and keep going!\" Kai said, wiping sweat from his brow.",
      "imagePrompt": "Masterpiece illustration prompt: Professional award-winning children's book illustration style, Pixar-meets-watercolor, vibrant Caribbean lighting, highly detailed characters with expressive faces. Kai and Zip hiking upstream along a rocky river path in the Blue Mountains. They look determined but tired.",
      "patoisWords": [{"word": "Small up", "meaning": "Encourage, make yourself smaller to get through"}]
    },
    {
      "text": "Step 2: As they ventured deeper, they encountered **Mama G**, an old **woman** who lived in a small **hut** in the heart of the mountains. She was known for her **knowledge** of plants and herbs. \"**Irie**, Kai! I see you and Zip are on a mission,\" she said, her eyes twinkling. \"The **illness** comes from the **soil** near the old **mine**.\"",
      "imagePrompt": "Masterpiece illustration prompt: Professional award-winning children's book illustration style, Pixar-meets-watercolor, vibrant Caribbean lighting, highly detailed characters with expressive faces. Kai and Zip talking to Mama G, an old woman with a kind face, in front of her small hut in the mountains.",
      "patoisWords": [{"word": "Irie", "meaning": "Alright, good"}]
    },
    {
      "text": "\"The **mine**? But that's been closed for years!\" Kai exclaimed. Mama G nodded. \"The **chemicals** they left behind are now poisoning the **land**. You must find a way to **clean** the soil. I have some **special** seeds that can help. These **seeds** are very **important** to help the mountain recover!\"",
      "imagePrompt": "Masterpiece illustration prompt: Professional award-winning children's book illustration style, Pixar-meets-watercolor, vibrant Caribbean lighting, highly detailed characters with expressive faces. Mama G handing Kai a small pouch of seeds. Zip is looking at the seeds with interest.",
      "patoisWords": []
    },
    {
      "text": "Step 3: Kai and Zip followed Mama G's **directions** to the old **mine**. The site was a mess of rusted **equipment** and barren **land**. They carefully scattered the **seeds** Mama G gave them. \"Now, we wait and hope,\" Kai said, feeling a small spark of **optimism**.",
      "imagePrompt": "Masterpiece illustration prompt: Professional award-winning children's book illustration style, Pixar-meets-watercolor, vibrant Caribbean lighting, highly detailed characters with expressive faces. Kai scattering seeds on the barren land near the old mine. Zip is watching him.",
      "patoisWords": []
    },
    {
      "text": "Days turned into **weeks**. Kai and Zip visited the **mine** every day, watching for any sign of **life**. Finally, tiny **green** shoots began to emerge from the **soil**. The **seeds** were working! The plants were **healing** the land, absorbing the harmful **chemicals**.",
      "imagePrompt": "Masterpiece illustration prompt: Professional award-winning children's book illustration style, Pixar-meets-watercolor, vibrant Caribbean lighting, highly detailed characters with expressive faces. Close-up of tiny green shoots emerging from the soil near the old mine. Kai and Zip are watching them with excitement.",
      "patoisWords": []
    },
    {
      "text": "The **news** spread quickly through the **village**. People came to see the **miracle** unfolding on the mountain. They began to plant more of Mama G's **seeds**, and soon, the **greenery** returned to the Blue Mountains. The **trees** began to **thrive** again, and the **river** flowed strong and clear.",
      "imagePrompt": "Masterpiece illustration prompt: Professional award-winning children's book illustration style, Pixar-meets-watercolor, vibrant Caribbean lighting, highly detailed characters with expressive faces. Villagers planting seeds on the Blue Mountains. The mountains are starting to become green again.",
      "patoisWords": []
    },
    {
      "text": "Kai and Zip had saved their **home**. They learned that even the smallest **creatures** can make a big **difference** when they work together to protect the **environment**. \"We showed them, Zip! We really **nyam** that **problem**!\" Kai said, giving Zip a gentle pat.",
      "imagePrompt": "Masterpiece illustration prompt: Professional award-winning children's book illustration style, Pixar-meets-watercolor, vibrant Caribbean lighting, highly detailed characters with expressive faces. Kai and Zip standing on a now-lush Blue Mountain, looking out at the beautiful scenery. They are smiling.",
      "patoisWords": [{"word": "Nyam", "meaning": "Eat, overcome"}]
    },
    {
      "text": "And so, the Blue Mountains remained a **symbol** of **beauty** and **resilience**, thanks to the **bravery** of a young boy and his Doctor Bird friend. They learned that **taking care** of our **environment** is everyone's **responsibility**. Now the **mountains** are back to their **glory**!",
      "imagePrompt": "Masterpiece illustration prompt: Professional award-winning children's book illustration style, Pixar-meets-watercolor, vibrant Caribbean lighting, highly detailed characters with expressive faces. A wide view of the Blue Mountains, now lush and green, with the sun shining brightly. Kai and Zip are silhouetted in the foreground.",
      "patoisWords": []
    },
    {
      "text": "Remember **pickney**, even a small **action** can have a big **impact** on the **world** around you. Keep exploring, keep learning, and keep protecting our beautiful **Earth**! You are **legends** in the making! If at first you don't succeed, **try again**! I know you can!",
      "imagePrompt": "Masterpiece illustration prompt: Professional award-winning children's book illustration style, Pixar-meets-watercolor, vibrant Caribbean lighting, highly detailed characters with expressive faces. Kai and Zip waving goodbye to the reader, standing in a field of colorful flowers with the Blue Mountains in the background.",
      "patoisWords": [{"word": "Pickney", "meaning": "Children"}]
    }
  ],
  "parentNote": {
    "whyItHelps": "This story encourages children to understand the importance of environmental protection and teamwork. It introduces basic ecological concepts in an engaging way and promotes cultural awareness of Jamaican natural wonders.",
    "offlineFollowup": "Plant a seed or small plant with your child and discuss how to care for it. Visit a local park or nature reserve and talk about the importance of protecting the environment.",
    "whatToSayAfter": "What other ways can we help protect our environment? What was your favorite part of the story?"
  },
  "culturalElements": [
    "Blue Mountains",
    "Doctor Bird (Hummingbird)",
    "Jamaican villages",
    "Traditional Jamaican herbal knowledge",
    "Patois dialect"
  ]
}
```
--- RAW GEMINI RESPONSE END ---
Γ£à All assets generated successfully!
Γ£à Module Generated: "The Doctor Bird's Blue Mountain Rescue"
≡ƒî┤ Island: Puerto Rico
≡ƒôÜ Story Title: The Doctor Bird's Blue Mountain Rescue

≡ƒÜÇ Step 2: Publishing to Live Database...
≡ƒô¥ Posting story: "The Doctor Bird's Blue Mountain Rescue"...
Γ£à Supabase connection successful
Γ£à Story posted successfully! ID: 434decaa-438b-4dd1-9081-3f20846bcf6f
≡ƒÄ╡ Posting song: "El Yunque's Rainforest Rhythms"...
Γ£à Supabase connection successful
Γ£à Song posted successfully! ID: 58eacaec-be31-4913-af33-e822bcecfe0b
≡ƒû¿∩╕Å Posting printable: "Puerto Rico's Natural Treasures!"...
Γ£à Supabase connection successful
node.exe : Retry attempt 
1/3: Could not find the 
'description' column of 
'printables' in the schema 
cache
At C:\Program 
Files\nodejs\npx.ps1:29 
char:3
+   & $NODE_EXE $NPX_CLI_JS 
$args
+   
~~~~~~~~~~~~~~~~~~~~~~~~~~~~~
    + CategoryInfo           
   : NotSpecified: (Retry a  
  ttempt 1...he schema cac   
 he:String) [], RemoteExc    
eption
    + FullyQualifiedErrorId  
   : NativeCommandError
 
Retry attempt 2/3: Could not 
find the 'description' 
column of 'printables' in 
the schema cache
Retry attempt 3/3: Could not 
find the 'description' 
column of 'printables' in 
the schema cache
≡ƒÆ╛ Local save disabled for 
build compatibility
≡ƒÄ¼ Posting video: "Puerto Rico's Rainforest Rhapsody!"...
Γ£à Supabase connection successful
Retry attempt 1/3: Could not 
find the 'age_track' column 
of 'videos' in the schema 
cache
Retry attempt 2/3: Could not 
find the 'age_track' column 
of 'videos' in the schema 
cache
Retry attempt 3/3: Could not 
find the 'age_track' column 
of 'videos' in the schema 
cache

≡ƒôè Publishing Results:
  Story: Γ£à 434decaa-438b-4dd1-9081-3f20846bcf6f
  Song: Γ£à 58eacaec-be31-4913-af33-e822bcecfe0b
  Printable: Γ¥î Could not find the 'description' column of 'printables' in the schema cache
  Video: Γ¥î Could not find the 'age_track' column of 'videos' in the schema cache

ΓÜá∩╕Å  Partial success. 
Some assets failed to 
publish.
