app/actions/auth-actions.ts(6,21): error TS2305: Module '"@/lib/email"' has no exported member 'CONFIRMATION_EMAIL_TEMPLATE'.
app/admin/characters/page.tsx(9,25): error TS2724: '"@/lib/database"' has no exported member named 'createCharacter'. Did you mean 'getCharacters'?
app/admin/characters/page.tsx(9,42): error TS2305: Module '"@/lib/database"' has no exported member 'updateCharacter'.
app/admin/custom-requests/page.tsx(90,25): error TS2322: Type '({ header: string; accessor: string; render: (val: string) => string; className?: undefined; } | { header: string; accessor: string; className: string; render?: undefined; } | { header: string; accessor: string; render: (_: string, row: any) => Element; className?: undefined; })[]' is not assignable to type 'Column<any>[]'.
  Type '{ header: string; accessor: string; render: (val: string) => string; className?: undefined; } | { header: string; accessor: string; className: string; render?: undefined; } | { header: string; accessor: string; render: (_: string, row: any) => Element; className?: undefined; }' is not assignable to type 'Column<any>'.
    Type '{ header: string; accessor: string; render: (val: string) => string; className?: undefined; }' is missing the following properties from type 'Column<any>': key, label
app/admin/debug-ai/page.tsx(5,10): error TS2305: Module '"@/app/actions/debug-ai"' has no exported member 'runDiagnostics'.
app/admin/debug-ai/page.tsx(34,24): error TS7006: Parameter 'prev' implicitly has an 'any' type.
app/admin/debug-ai/page.tsx(39,24): error TS7006: Parameter 'prev' implicitly has an 'any' type.
app/admin/debug-ai/page.tsx(44,24): error TS7006: Parameter 'prev' implicitly has an 'any' type.
app/admin/debug-ai/page.tsx(49,24): error TS7006: Parameter 'prev' implicitly has an 'any' type.
app/admin/store-analytics/page.tsx(107,37): error TS2322: Type '(value: number) => [string, "Revenue"]' is not assignable to type 'Formatter<number, "Revenue"> & ((value: number, name: "Revenue", item: Payload<number, "Revenue">, index: number, payload: Payload<number, "Revenue">[]) => ReactNode | [...])'.
  Type '(value: number) => [string, "Revenue"]' is not assignable to type 'Formatter<number, "Revenue">'.
    Types of parameters 'value' and 'value' are incompatible.
      Type 'number | undefined' is not assignable to type 'number'.
        Type 'undefined' is not assignable to type 'number'.
app/api/send-email/route.ts(29,67): error TS2339: Property 'data' does not exist on type '{ success: boolean; error: string; messageId?: undefined; } | { success: boolean; messageId: string; error?: undefined; }'.
  Property 'data' does not exist on type '{ success: boolean; error: string; messageId?: undefined; }'.
legacy_scripts/diagnose-auth.ts(3,21): error TS2305: Module '"../lib/email"' has no exported member 'CONFIRMATION_EMAIL_TEMPLATE'.
legacy_scripts/test-final-auth.ts(2,21): error TS2305: Module '"../lib/email"' has no exported member 'CONFIRMATION_EMAIL_TEMPLATE'.
